// Jest Snapshot v1, https://goo.gl/fbAQLP

exports[`Ghost Image Tests should be able to change the ghost image coordinates 1`] = `
Object {
  "h": 100,
  "isCentered": true,
  "w": 159,
  "x": 94.5,
  "y": 12,
}
`;

exports[`Ghost Image Tests should return the initial state 1`] = `
Object {
  "h": 0,
  "isCentered": true,
  "w": 0,
  "x": 0,
  "y": 0,
}
`;
